../Core/Src/main.c:89:6:Queue_Is_Empty	16	static
../Core/Src/main.c:93:6:Queue_Is_Full	16	static
../Core/Src/main.c:97:5:Queue_Num_Read	16	static
../Core/Src/main.c:101:10:Queue_Pos_Write	16	static
../Core/Src/main.c:105:10:Queue_Pos_Read	16	static
../Core/Src/main.c:109:6:Queue_Append	16	static
../Core/Src/main.c:118:6:Queue_Pop	24	static
../Core/Src/main.c:135:6:Print_Buffer	32	static
../Core/Src/main.c:169:6:TSART_Tx	16	static
../Core/Src/main.c:173:6:TSART_Rx_Start	16	static
../Core/Src/main.c:178:6:HAL_UART_RxCpltCallback	24	static
../Core/Src/main.c:193:6:SPI2_TxRx_Start	32	static
../Core/Src/main.c:220:6:HAL_SPI_TxRxCpltCallback	24	static
../Core/Src/main.c:242:6:EXTI9_5_IRQHandler	8	static
../Core/Src/main.c:246:6:HAL_GPIO_EXTI_Callback	16	static
../Core/Src/main.c:276:5:main	32	static
../Core/Src/main.c:390:6:SystemClock_Config	88	static
../Core/Src/main.c:447:6:PeriphCommonClock_Config	144	static
../Core/Src/main.c:475:13:MX_SPI2_Init	8	static
../Core/Src/main.c:519:13:MX_USART1_UART_Init	8	static
../Core/Src/main.c:554:13:MX_GPIO_Init	72	static
../Core/Src/main.c:741:6:HAL_TIM_PeriodElapsedCallback	16	static
../Core/Src/main.c:758:6:Error_Handler	4	static,ignoring_inline_asm
