../Core/Src/main.c:89:6:Queue_Is_Empty	16	static
../Core/Src/main.c:91:6:Queue_Is_Full	16	static
../Core/Src/main.c:93:5:Queue_Num_Read	16	static
../Core/Src/main.c:95:10:Queue_Pos_Write	16	static
../Core/Src/main.c:97:10:Queue_Pos_Read	16	static
../Core/Src/main.c:99:6:Queue_Append	16	static
../Core/Src/main.c:108:6:Queue_Pop	24	static
../Core/Src/main.c:123:6:Print_Buffer	32	static
../Core/Src/main.c:155:6:TSART_Tx	16	static
../Core/Src/main.c:160:6:TSART_Rx_Start	16	static
../Core/Src/main.c:166:6:HAL_UART_RxCpltCallback	24	static
../Core/Src/main.c:181:6:SPI2_TxRx_Start	32	static
../Core/Src/main.c:205:6:SPI_Transmit_32bit	24	static
../Core/Src/main.c:225:6:HAL_SPI_TxRxCpltCallback	24	static
../Core/Src/main.c:275:5:main	32	static
../Core/Src/main.c:411:6:SystemClock_Config	88	static
../Core/Src/main.c:468:6:PeriphCommonClock_Config	144	static
../Core/Src/main.c:496:13:MX_SPI2_Init	8	static
../Core/Src/main.c:540:13:MX_USART1_UART_Init	8	static
../Core/Src/main.c:575:13:MX_GPIO_Init	72	static
../Core/Src/main.c:762:6:HAL_TIM_PeriodElapsedCallback	16	static
../Core/Src/main.c:779:6:Error_Handler	4	static,ignoring_inline_asm
